// Jest Snapshot v1, https://goo.gl/fbAQLP

exports[`relatedItems Component should have relatedItems  1`] = `
<div
  className="relatedItems"
>
  <div
    class="relatedProductsList"
  >
    <h2>
      RELATED PRODUCTS
    </h2>
    <div
      class="related-items-container"
    />
  </div>
  <div
    className="outfitList"
  >
    <h2>
      outfitlist
    </h2>
  </div>
</div>
`;
